\BOOKMARK [1][-]{section.1}{\376\377\000I\000n\000t\000r\000o\000d\000u\000c\000t\000i\000o\000n}{}% 1
\BOOKMARK [1][-]{section.2}{\376\377\000P\000r\000o\000b\000l\000e\000m\000\040\000F\000o\000r\000m\000u\000l\000a\000t\000i\000o\000n}{}% 2
\BOOKMARK [1][-]{section.3}{\376\377\000M\000e\000t\000h\000o\000d}{}% 3
\BOOKMARK [2][-]{subsection.3.1}{\376\377\000O\000v\000e\000r\000v\000i\000e\000w}{section.3}% 4
\BOOKMARK [2][-]{subsection.3.2}{\376\377\000A\000l\000g\000o\000r\000i\000t\000h\000m\000\040\000D\000e\000s\000c\000r\000i\000p\000t\000i\000o\000n}{section.3}% 5
\BOOKMARK [2][-]{subsection.3.3}{\376\377\000R\000i\000e\000m\000a\000n\000n\000i\000a\000n\000\040\000I\000n\000f\000o\000r\000m\000e\000d\000\040\000S\000a\000m\000p\000l\000i\000n\000g}{section.3}% 6
\BOOKMARK [2][-]{subsection.3.4}{\376\377\000R\000i\000e\000m\000a\000n\000n\000i\000a\000n\000\040\000N\000e\000a\000r\000e\000s\000t\000-\000N\000e\000i\000g\000h\000b\000o\000u\000r\000\040\000S\000e\000a\000r\000c\000h}{section.3}% 7
\BOOKMARK [2][-]{subsection.3.5}{\376\377\000C\000a\000s\000c\000a\000d\000i\000n\000g\000\040\000E\000d\000g\000e\000\040\000E\000v\000a\000l\000u\000a\000t\000i\000o\000n}{section.3}% 8
\BOOKMARK [2][-]{subsection.3.6}{\376\377\000T\000r\000e\000e\000\040\000R\000e\000w\000i\000r\000i\000n\000g}{section.3}% 9
\BOOKMARK [2][-]{subsection.3.7}{\376\377\000C\000o\000l\000l\000i\000s\000i\000o\000n\000-\000A\000d\000a\000p\000t\000i\000v\000e\000\040\000R\000i\000e\000m\000a\000n\000n\000i\000a\000n\000\040\000M\000e\000t\000r\000i\000c\000\040\000\050\000C\000A\000R\000M\000\051}{section.3}% 10
\BOOKMARK [3][-]{subsubsection.3.7.1}{\376\377\000C\000o\000r\000e\000\040\000I\000d\000e\000a}{subsection.3.7}% 11
\BOOKMARK [3][-]{subsubsection.3.7.2}{\376\377\000M\000e\000t\000r\000i\000c\000\040\000C\000o\000n\000s\000t\000r\000u\000c\000t\000i\000o\000n}{subsection.3.7}% 12
\BOOKMARK [3][-]{subsubsection.3.7.3}{\376\377\000U\000p\000d\000a\000t\000e\000\040\000S\000c\000h\000e\000d\000u\000l\000e\000\040\000a\000n\000d\000\040\000F\000e\000e\000d\000b\000a\000c\000k\000\040\000L\000o\000o\000p}{subsection.3.7}% 13
\BOOKMARK [3][-]{subsubsection.3.7.4}{\376\377\000C\000A\000R\000M\000\040\000A\000l\000g\000o\000r\000i\000t\000h\000m}{subsection.3.7}% 14
\BOOKMARK [3][-]{subsubsection.3.7.5}{\376\377\000E\000f\000f\000e\000c\000t\000\040\000o\000n\000\040\000P\000l\000a\000n\000n\000i\000n\000g\000\040\000B\000e\000h\000a\000v\000i\000o\000u\000r}{subsection.3.7}% 15
\BOOKMARK [3][-]{subsubsection.3.7.6}{\376\377\000A\000p\000p\000r\000o\000x\000i\000m\000a\000t\000i\000o\000n\000\040\000Q\000u\000a\000l\000i\000t\000y}{subsection.3.7}% 16
\BOOKMARK [3][-]{subsubsection.3.7.7}{\376\377\000P\000a\000r\000a\000m\000e\000t\000e\000r\000s}{subsection.3.7}% 17
\BOOKMARK [2][-]{subsection.3.8}{\376\377\000I\000m\000p\000l\000e\000m\000e\000n\000t\000a\000t\000i\000o\000n\000\040\000D\000e\000t\000a\000i\000l\000s}{section.3}% 18
\BOOKMARK [2][-]{subsection.3.9}{\376\377\000A\000s\000y\000m\000p\000t\000o\000t\000i\000c\000\040\000O\000p\000t\000i\000m\000a\000l\000i\000t\000y}{section.3}% 19
\BOOKMARK [1][-]{section.4}{\376\377\000E\000x\000p\000e\000r\000i\000m\000e\000n\000t\000s}{}% 20
\BOOKMARK [2][-]{subsection.4.1}{\376\377\000E\000x\000p\000e\000r\000i\000m\000e\000n\000t\000a\000l\000\040\000S\000e\000t\000u\000p}{section.4}% 21
\BOOKMARK [2][-]{subsection.4.2}{\376\377\000P\000e\000r\000-\000E\000n\000v\000i\000r\000o\000n\000m\000e\000n\000t\000\040\000R\000e\000s\000u\000l\000t\000s\000\040\000\050\000T\000a\000b\000l\000e\000\040\000I\000I\000\051}{section.4}% 22
\BOOKMARK [2][-]{subsection.4.3}{\376\377\000A\000n\000y\000t\000i\000m\000e\000\040\000C\000o\000n\000v\000e\000r\000g\000e\000n\000c\000e}{section.4}% 23
\BOOKMARK [2][-]{subsection.4.4}{\376\377\000A\000b\000l\000a\000t\000i\000o\000n\000\040\000S\000t\000u\000d\000y}{section.4}% 24
\BOOKMARK [1][-]{section.5}{\376\377\000D\000i\000s\000c\000u\000s\000s\000i\000o\000n\000\040\000a\000n\000d\000\040\000C\000o\000n\000c\000l\000u\000s\000i\000o\000n}{}% 25
\BOOKMARK [1][-]{section*.20}{\376\377\000R\000e\000f\000e\000r\000e\000n\000c\000e\000s}{}% 26
